Output 1:
1 book at 12.49
1 music CD at 14.99
1 chocolate bar at 0.85
Sales Taxes: 1.5
Total Cost: 29.830000000000005
Output 2:
1 imported box of chocolates at 10.00
1 imported bottle of perfume at 47.50
Sales Taxes: 7.65
Total Cost: 65.15
Output 3:
1 imported bottle of perfume at 27.99
1 bottle of perfume at 18.99
1 packet of headache pills at 9.75
1 box of imported chocolates at 11.25
Sales Taxes: 6.65
Total Cost:74.63
